// Jest Snapshot v1, https://goo.gl/fbAQLP

exports[`Tabs states  * should render uncontrolled 1`] = `
.c0 {
  display: -webkit-box;
  display: -webkit-flex;
  display: -ms-flexbox;
  display: flex;
  -webkit-flex-direction: column;
  -ms-flex-direction: column;
  flex-direction: column;
  -webkit-flex-wrap: nowrap;
  -ms-flex-wrap: nowrap;
  flex-wrap: nowrap;
  color: #526161;
}

.c1 {
  display: -webkit-box;
  display: -webkit-flex;
  display: -ms-flexbox;
  display: flex;
  -webkit-flex: 0 0 auto;
  -ms-flex: 0 0 auto;
  flex: 0 0 auto;
  -webkit-flex-direction: row;
  -ms-flex-direction: row;
  flex-direction: row;
  -webkit-flex-wrap: nowrap;
  -ms-flex-wrap: nowrap;
  flex-wrap: nowrap;
  -webkit-align-items: center;
  -webkit-box-align: center;
  -ms-flex-align: center;
  align-items: center;
  -webkit-box-pack: start;
  -webkit-justify-content: flex-start;
  -ms-flex-pack: start;
  justify-content: flex-start;
  padding: 0 2px;
  color: #526161;
}

.c2 {
  display: -webkit-box;
  display: -webkit-flex;
  display: -ms-flexbox;
  display: flex;
  -webkit-flex: 1 0 auto;
  -ms-flex: 1 0 auto;
  flex: 1 0 auto;
  -webkit-flex-direction: row;
  -ms-flex-direction: row;
  flex-direction: row;
  -webkit-align-items: center;
  -webkit-box-align: center;
  -ms-flex-align: center;
  align-items: center;
  -webkit-box-pack: center;
  -webkit-justify-content: center;
  -ms-flex-pack: center;
  justify-content: center;
  color: #526161;
}

.c3 {
  white-space: nowrap;
  border-bottom: 4px solid #42B861;
  box-sizing: border-box;
  min-width: 80px;
  max-width: 208px;
  height: 48px;
  color: #526161;
  font-weight: bold;
  cursor: pointer;
  opacity: 1;
  pointer-events: auto;
}

.c3:hover {
  border-bottom: 4px solid #00AB44;
}

.c3 > span {
  font-weight: bold;
}

.c4 {
  white-space: nowrap;
  border-bottom: 4px solid rgba(255,255,255,0.0);
  box-sizing: border-box;
  min-width: 80px;
  max-width: 208px;
  height: 48px;
  color: #526161;
  font-weight: normal;
  cursor: pointer;
  opacity: 1;
  pointer-events: auto;
}

.c4:hover {
  border-bottom: 4px solid #00AB44;
}

.c4 > span {
  font-weight: normal;
}

<div
  class="c0"
>
  <nav
    class="c1 tabs tabs"
  >
    <div
      class="c2 c3"
      label="hi"
    >
      hi
    </div>
    <div
      class="c2 c4"
      label="Hi again"
    >
      Hi again
    </div>
    <div
      class="c2 c4"
      label="Bye"
    >
      Bye
    </div>
    <div
      class="c2 c4"
      label="Bye Bye"
    >
      Bye Bye
    </div>
  </nav>
  Hello
</div>
`;
